
> purplestar@0.1.0 build
> next build

  ▲ Next.js 14.2.35

   Creating an optimized production build ...
 ✓ Compiled successfully
   Linting and checking validity of types ...
   Collecting page data ...
   Generating static pages (0/8) ...
   Generating static pages (2/8) 
   Generating static pages (4/8) 
   Generating static pages (6/8) 
 ✓ Generating static pages (8/8)
   Finalizing page optimization ...
   Collecting build traces ...

Route (app)                              Size     First Load JS
┌ ○ /                                    248 kB          335 kB
├ ○ /_not-found                          873 B          88.3 kB
├ ○ /chart                               12.7 kB         100 kB
├ ○ /report                              36.4 kB         124 kB
├ ○ /robots.txt                          0 B                0 B
└ ○ /sitemap.xml                         0 B                0 B
+ First Load JS shared by all            87.5 kB
  ├ chunks/117-91fcb86ef7a68f27.js       31.9 kB
  ├ chunks/fd9d1056-84af1d4af83bcc05.js  53.6 kB
  └ other shared chunks (total)          1.96 kB


○  (Static)  prerendered as static content

